// Jest Snapshot v1, https://goo.gl/fbAQLP

exports[`modal render should render the content 1`] = `
<Modal
  animationDuration={50}
  blockScroll={true}
  center={false}
  classNames={Object {}}
  classes={
    Object {
      "closeButton": "test-react-responsive-modal-close-button",
      "closeIcon": "test-react-responsive-modal-close-icon",
      "modal": "test-react-responsive-modal-modal",
      "overlay": "test-react-responsive-modal-overlay",
      "overlayCenter": "test-react-responsive-modal-overlay-center",
      "transitionEnter": "test-react-responsive-modal-transition-enter",
      "transitionEnterActive": "test-react-responsive-modal-transition-enter-active",
      "transitionExit": "test-react-responsive-modal-transition-exit",
      "transitionExitActive": "test-react-responsive-modal-transition-exit-active",
    }
  }
  closeIconSize={28}
  closeIconSvgPath={
    <path
      d="M28.5 9.62L26.38 7.5 18 15.88 9.62 7.5 7.5 9.62 15.88 18 7.5 26.38l2.12 2.12L18 20.12l8.38 8.38 2.12-2.12L20.12 18z"
    />
  }
  closeOnEsc={true}
  closeOnOverlayClick={true}
  focusTrapOptions={Object {}}
  focusTrapped={false}
  onClose={[MockFunction]}
  onEntered={null}
  onEscKeyDown={null}
  onExited={null}
  onOverlayClick={null}
  open={false}
  showCloseIcon={true}
  styles={Object {}}
/>
`;
